// Jest Snapshot v1, https://goo.gl/fbAQLP

exports[`Button component is rendering 1`] = `
<DocumentFragment>
  <button
    type="button"
  >
    Test
  </button>
</DocumentFragment>
`;
